{
    "name1": "moga",
    "password": "moga",
    "role": "user"
}