{
    "name": "moga",
    "password": "moga",
    "role": "user"
}