{
  "user_name": "moganbp",
  "password1": "test"
}