{
    "access_token":"from_moq",
    "role":"admin"
}