{
    "user_name": "moganbo",
    "password":"test"
}